15:19:32 **** Incremental Build of configuration Debug for project Shell_de_debug ****
make -j8 all 
arm-none-eabi-gcc "../shell/shell.c" -mcpu=cortex-m7 -std=gnu11 -g3 -DDEBUG -DUSE_HAL_DRIVER -DSTM32F746xx -c -I../Core/Inc -I../Drivers/STM32F7xx_HAL_Driver/Inc -I../Drivers/STM32F7xx_HAL_Driver/Inc/Legacy -I../Drivers/CMSIS/Device/ST/STM32F7xx/Include -I../Drivers/CMSIS/Include -I"C:/Users/bapti/Documents/GitHub/Shell_de_debug/Shell_de_debug/shell" -I"C:/Users/bapti/Documents/GitHub/Shell_de_debug/Shell_de_debug/Uart driver" -I../Middlewares/Third_Party/FreeRTOS/Source/include -I../Middlewares/Third_Party/FreeRTOS/Source/CMSIS_RTOS -I../Middlewares/Third_Party/FreeRTOS/Source/portable/GCC/ARM_CM7/r0p1 -O0 -ffunction-sections -fdata-sections -Wall -fstack-usage -MMD -MP -MF"shell/shell.d" -MT"shell/shell.o" --specs=nano.specs -mfpu=fpv5-sp-d16 -mfloat-abi=hard -mthumb -o "shell/shell.o"
arm-none-eabi-gcc -o "Shell_de_debug.elf" @"objects.list"   -mcpu=cortex-m7 -T"C:\Users\bapti\Documents\GitHub\Shell_de_debug\Shell_de_debug\STM32F746NGHX_FLASH.ld" --specs=nosys.specs -Wl,-Map="Shell_de_debug.map" -Wl,--gc-sections -static --specs=nano.specs -mfpu=fpv5-sp-d16 -mfloat-abi=hard -mthumb -Wl,--start-group -lc -lm -Wl,--end-group
Finished building target: Shell_de_debug.elf
 
arm-none-eabi-size   Shell_de_debug.elf 
arm-none-eabi-objdump -h -S  Shell_de_debug.elf  > "Shell_de_debug.list"
   text	   data	    bss	    dec	    hex	filename
  35128	    132	  22892	  58152	   e328	Shell_de_debug.elf
Finished building: default.size.stdout
 
Finished building: Shell_de_debug.list
 
15:19:36 **** Incremental Build of configuration Debug for project Shell_de_debug ****
make -j8 all 
arm-none-eabi-size   Shell_de_debug.elf 
   text	   data	    bss	    dec	    hex	filename
  35128	    132	  22892	  58152	   e328	Shell_de_debug.elf
Finished building: default.size.stdout
 
15:20:34 **** Incremental Build of configuration Debug for project Shell_de_debug ****
make -j8 all 
arm-none-eabi-gcc "../shell/shell.c" -mcpu=cortex-m7 -std=gnu11 -g3 -DDEBUG -DUSE_HAL_DRIVER -DSTM32F746xx -c -I../Core/Inc -I../Drivers/STM32F7xx_HAL_Driver/Inc -I../Drivers/STM32F7xx_HAL_Driver/Inc/Legacy -I../Drivers/CMSIS/Device/ST/STM32F7xx/Include -I../Drivers/CMSIS/Include -I"C:/Users/bapti/Documents/GitHub/Shell_de_debug/Shell_de_debug/shell" -I"C:/Users/bapti/Documents/GitHub/Shell_de_debug/Shell_de_debug/Uart driver" -I../Middlewares/Third_Party/FreeRTOS/Source/include -I../Middlewares/Third_Party/FreeRTOS/Source/CMSIS_RTOS -I../Middlewares/Third_Party/FreeRTOS/Source/portable/GCC/ARM_CM7/r0p1 -O0 -ffunction-sections -fdata-sections -Wall -fstack-usage -MMD -MP -MF"shell/shell.d" -MT"shell/shell.o" --specs=nano.specs -mfpu=fpv5-sp-d16 -mfloat-abi=hard -mthumb -o "shell/shell.o"
arm-none-eabi-gcc -o "Shell_de_debug.elf" @"objects.list"   -mcpu=cortex-m7 -T"C:\Users\bapti\Documents\GitHub\Shell_de_debug\Shell_de_debug\STM32F746NGHX_FLASH.ld" --specs=nosys.specs -Wl,-Map="Shell_de_debug.map" -Wl,--gc-sections -static --specs=nano.specs -mfpu=fpv5-sp-d16 -mfloat-abi=hard -mthumb -Wl,--start-group -lc -lm -Wl,--end-group
Finished building target: Shell_de_debug.elf
 
arm-none-eabi-size   Shell_de_debug.elf 
arm-none-eabi-objdump -h -S  Shell_de_debug.elf  > "Shell_de_debug.list"
   text	   data	    bss	    dec	    hex	filename
  35124	    132	  22892	  58148	   e324	Shell_de_debug.elf
Finished building: default.size.stdout
 
Finished building: Shell_de_debug.list
 
